6c6
< 0001 0010 0011 0100 0101 0110 0111 1000	0000 0000 0000 0000 0000 0000 0000 0000	0000 0000 0000 0000 0000 0000 0000 0000	0000 0000 0000 0000 0000 0000 0000 0000	0000 0000 0000 0000 0000 0000 0000 0000	0001 0010 0011 0100 0101 0110 0111 1000	0000 0000 0000 0000 0000 0000 0000 0000	0000 0000 0000 0000 0000 0000 0000 0000	0000 0000 0000 0000 0000 0000 0001 0100	0000 0000 0000 0000 0000 0000 0000 0000	0000 0000 0000 0101
---
> 0000 0000 0000 0000 0000 0000 0000 0000	0000 0000 0000 0000 0000 0000 0000 0000	0000 0000 0000 0000 0000 0000 0000 0000	0000 0000 0000 0000 0000 0000 0000 0000	0000 0000 0000 0000 0000 0000 0000 0000	0001 0010 0011 0100 0101 0110 0111 1000	0000 0000 0000 0000 0000 0000 0000 0000	0000 0000 0000 0000 0000 0000 0000 0000	0000 0000 0000 0000 0000 0000 0001 0100	0000 0000 0000 0000 0000 0000 0000 0000	0000 0000 0000 0101
